Microchip MPLAB XC8 Compiler V2.45

Linker command line:

-W-3 \
  --edf=C:\Program Files\Microchip\xc8\v2.45\pic\dat\20230818022343_en.msgs \
  -cn -h+dist/default/production\final.X.production.sym \
  --cmf=dist/default/production\final.X.production.cmf -z -Q16F877A \
  -oC:\Users\User\AppData\Local\Temp\xcAss9s.\driver_tmp_3.o \
  --defsym=__MPLAB_BUILD=1 --fixupoverflow=error \
  -Mdist/default/production/final.X.production.map \
  --md=C:\Users\User\AppData\Local\Temp\xcAss9s.\driver_tmp_0.dat -E1 \
  -ver=XC8 Compiler --acfsm=1493 -ACODE=00h-07FFhx4 -ASTRCODE=00h-01FFFh \
  -ASTRING=00h-0FFhx32 -ACONST=00h-0FFhx32 -AENTRY=00h-0FFhx32 \
  -ACOMMON=070h-07Fh -ABANK0=020h-06Fh -ABANK1=0A0h-0EFh \
  -ABANK2=0110h-016Fh -ABANK3=0190h-01EFh \
  -ARAM=020h-06Fh,0A0h-0EFh,0110h-016Fh,0190h-01EFh \
  -AABS1=020h-07Fh,0A0h-0EFh,0110h-016Fh,0190h-01EFh -ASFR0=00h-01Fh \
  -ASFR1=080h-09Fh -ASFR2=0100h-010Fh -ASFR3=0180h-018Fh \
  -ACONFIG=02007h-02007h -DCONFIG=2 -AIDLOC=02000h-02003h -DIDLOC=2 \
  -AEEDATA=00h-0FFh/02100h -peeprom_data=EEDATA -DEEDATA=2 -DCODE=2 \
  -DSTRCODE=2 -DSTRING=2 -DCONST=2 -DENTRY=2 \
  -preset_vec=00h,intentry=04h,init,end_init -ppowerup=CODE -pcinit=CODE \
  -pfunctab=ENTRY -k \
  C:\Users\User\AppData\Local\Temp\xcAss9s.\driver_tmp_12.o \
  dist/default/production\final.X.production.o 

Object code version is 3.11

Machine type is 16F877A



                Name                               Link     Load   Length Selector   Space Scale
C:\Users\User\AppData\Local\Temp\xcAss9s.\driver_tmp_12.o
                end_init                              C        C        3        8       0
                reset_vec                             0        0        3        0       0
                config                             2007     2007        1        0       4
dist/default/production\final.X.production.o
                cinit                                 F        F       3B        8       0
                intentry                              4        4        8        8       0
                config                             2007     2007        1        0       4
                text27                             1616     1616        7     2C2C       0
                text26                             167C     167C       1F     2CF8       0
                text25                             1654     1654       14     2CA8       0
                text24                              80A      80A       5B     1014       0
                text23                              BC8      BC8      1D5     1790       0
                text22                             172C     172C       29     2E58       0
                text21                              418      418      345        8       0
                text20                              8CC      8CC       78     1198       0
                text19                              B0E      B0E       BA     161C       0
                text18                             1755     1755       2B     2EAA       0
                text17                              75D      75D       9D        8       0
                text16                              865      865       67     10CA       0
                text15                             17BC     17BC       44     2F78       0
                text14                             1705     1705       27     2E0A       0
                text13                              D9D      D9D      263     1B3A       0
                text12                             1780     1780       3C     2F00       0
                text11                              9C2      9C2       A6     1384       0
                text10                              944      944       7E     1288       0
                text9                              169B     169B       1F     2D36       0
                text8                              162E     162E       13     2C5C       0
                text7                              160E     160E        2     2C1C       0
                text6                              1625     1625        9     2C4A       0
                text5                               A68      A68       A6     14D0       0
                text4                              16BA     16BA       25     2D74       0
                text3                              1668     1668       14     2CD0       0
                text2                              16DF     16DF       26     2DBE       0
                text1                               800      800        A     1000       0
                maintext                             4A       4A      3CE        8       0
                cstackBANK0                          20       20       43       20       1
                cstackCOMMON                         70       70        A       70       1
                clrtext                            161D     161D        8     2C3A       0
                inittext                           1641     1641       13     2C82       0
                dataBANK1                            C4       C4        5       A0       1
                bssBANK1                             A0       A0       24       A0       1
                dataBANK0                            6C       6C        4       20       1
                bssBANK0                             63       63        9       20       1
                dataCOMMON                           7A       7A        2       70       1
                strings                            1000     1000       26     2000       0
                idataBANK1                          7FA      7FA        5        8       0
                idataBANK0                         1612     1612        4     2C24       0
                idataCOMMON                        1610     1610        2     2C20       0

TOTAL           Name                               Link     Load   Length     Space
        CLASS   CODE           
                end_init                              C        C        3         0
                cinit                                 F        F       3B         0
                intentry                              4        4        8         0
                reset_vec                             0        0        3         0
                text27                             1616     1616        7         0
                text26                             167C     167C       1F         0
                text25                             1654     1654       14         0
                text24                              80A      80A       5B         0
                text23                              BC8      BC8      1D5         0
                text22                             172C     172C       29         0
                text21                              418      418      345         0
                text20                              8CC      8CC       78         0
                text19                              B0E      B0E       BA         0
                text18                             1755     1755       2B         0
                text17                              75D      75D       9D         0
                text16                              865      865       67         0
                text15                             17BC     17BC       44         0
                text14                             1705     1705       27         0
                text13                              D9D      D9D      263         0
                text12                             1780     1780       3C         0
                text11                              9C2      9C2       A6         0
                text10                              944      944       7E         0
                text9                              169B     169B       1F         0
                text8                              162E     162E       13         0
                text7                              160E     160E        2         0
                text6                              1625     1625        9         0
                text5                               A68      A68       A6         0
                text4                              16BA     16BA       25         0
                text3                              1668     1668       14         0
                text2                              16DF     16DF       26         0
                text1                               800      800        A         0
                maintext                             4A       4A      3CE         0
                clrtext                            161D     161D        8         0
                inittext                           1641     1641       13         0
                idataBANK1                          7FA      7FA        5         0
                idataBANK0                         1612     1612        4         0
                idataCOMMON                        1610     1610        2         0

        CLASS   STRCODE        

        CLASS   STRING         
                strings                            1000     1000       26         0

        CLASS   CONST          

        CLASS   ENTRY          

        CLASS   COMMON         
                cstackCOMMON                         70       70        A         1
                dataCOMMON                           7A       7A        2         1

        CLASS   BANK0          
                cstackBANK0                          20       20       43         1
                dataBANK0                            6C       6C        4         1
                bssBANK0                             63       63        9         1

        CLASS   BANK1          
                dataBANK1                            C4       C4        5         1
                bssBANK1                             A0       A0       24         1

        CLASS   BANK2          

        CLASS   BANK3          

        CLASS   RAM            

        CLASS   ABS1           
                abs_s1                               7E       7E        2         1

        CLASS   SFR0           

        CLASS   SFR1           

        CLASS   SFR2           

        CLASS   SFR3           

        CLASS   CONFIG         
                config                             2007     2007        1         4

        CLASS   IDLOC          

        CLASS   EEDATA         

        CLASS   HEAP           

        CLASS   STACK          



SEGMENTS        Name                           Load    Length   Top    Selector   Space  Class     Delta

                reset_vec                      000000  000003  000003         0       0  CODE        2
                intentry                       000004  0007FB  0007FF         8       0  CODE        2
                cstackBANK0                    000020  000050  000070        20       1  BANK0       1
                cstackCOMMON                   000070  00000C  00007C        70       1  COMMON      1
                bssBANK1                       0000A0  000029  0000C9        A0       1  BANK1       1
                text1                          000800  00000A  00080A      1000       0  CODE        2
                text24                         00080A  00005B  000865      1014       0  CODE        2
                text16                         000865  000067  0008CC      10CA       0  CODE        2
                text20                         0008CC  000078  000944      1198       0  CODE        2
                text10                         000944  00007E  0009C2      1288       0  CODE        2
                text11                         0009C2  0000A6  000A68      1384       0  CODE        2
                text5                          000A68  0000A6  000B0E      14D0       0  CODE        2
                text19                         000B0E  0000BA  000BC8      161C       0  CODE        2
                text23                         000BC8  0001D5  000D9D      1790       0  CODE        2
                text13                         000D9D  000263  001000      1B3A       0  CODE        2
                strings                        001000  000026  001026      2000       0  STRING      2
                text7                          00160E  000002  001610      2C1C       0  CODE        2
                idataCOMMON                    001610  000002  001612      2C20       0  CODE        2
                idataBANK0                     001612  000004  001616      2C24       0  CODE        2
                text27                         001616  000007  00161D      2C2C       0  CODE        2
                clrtext                        00161D  000008  001625      2C3A       0  CODE        2
                text6                          001625  000009  00162E      2C4A       0  CODE        2
                text8                          00162E  000013  001641      2C5C       0  CODE        2
                inittext                       001641  000013  001654      2C82       0  CODE        2
                text25                         001654  000014  001668      2CA8       0  CODE        2
                text3                          001668  000014  00167C      2CD0       0  CODE        2
                text26                         00167C  00001F  00169B      2CF8       0  CODE        2
                text9                          00169B  00001F  0016BA      2D36       0  CODE        2
                text4                          0016BA  000025  0016DF      2D74       0  CODE        2
                text2                          0016DF  000026  001705      2DBE       0  CODE        2
                text14                         001705  000027  00172C      2E0A       0  CODE        2
                text22                         00172C  000029  001755      2E58       0  CODE        2
                text18                         001755  00002B  001780      2EAA       0  CODE        2
                text12                         001780  00003C  0017BC      2F00       0  CODE        2
                text15                         0017BC  000044  001800      2F78       0  CODE        2


UNUSED ADDRESS RANGES

        Name                Unused          Largest block    Delta
        BANK1            00C9-00EF             27           1
        BANK2            0110-016F             60           1
        BANK3            0190-01EF             60           1
        CODE             0003-0003              1           2
                         07FF-07FF              1
                         1026-160D            5E8
                         1800-1FFF            800
        COMMON           007C-007D              2           1
        CONST            0003-0003              1           2
                         07FF-07FF              1
                         1026-160D            100
                         1800-1FFF            100
        EEDATA           2100-21FF            100           2
        ENTRY            0003-0003              1           2
                         07FF-07FF              1
                         1026-160D            100
                         1800-1FFF            100
        IDLOC            2000-2003              4           2
        RAM              00C9-00EF             27           1
                         0110-016F             60
                         0190-01EF             60
        SFR0             0000-001F             20           1
        SFR1             0080-009F             20           1
        SFR2             0100-010F             10           1
        SFR3             0180-018F             10           1
        STRCODE          0003-0003              1           2
                         07FF-07FF              1
                         1026-160D            5E8
                         1800-1FFF            800
        STRING           0003-0003              1           2
                         07FF-07FF              1
                         1026-160D            100
                         1800-1FFF            100

                                  Symbol Table

?__Umul8_16                         cstackCOMMON 0072
?___aldiv                           cstackCOMMON 0072
?___awdiv                           cstackCOMMON 0072
?___awmod                           cstackBANK0  0020
?___fldiv                           cstackCOMMON 0072
?___flmul                           cstackBANK0  0026
?___fltol                           cstackBANK0  0040
?___lwdiv                           cstackCOMMON 0072
?___lwmod                           cstackBANK0  0020
?___wmul                            cstackBANK0  0020
?___xxtofl                          cstackCOMMON 0072
?_adc_read                          cstackCOMMON 0072
TMR0_ISR@CountCallBack              bssBANK1     00B8
_ADCON0                             (abs)        001F
_ADCON1                             (abs)        009F
_ADRESH                             (abs)        001E
_ADRESL                             (abs)        009E
_BPM                                bssBANK0     0069
_GO_nDONE                           (abs)        00FA
_IBI                                dataBANK0    006C
_INTCONbits                         (abs)        000B
_INTERRUPT_InterruptManager         text25       1654
_OPTION_REGbits                     (abs)        0081
_P                                  dataBANK1    00C6
_PIR1bits                           (abs)        000C
_Pulse                              bssBANK0     006B
_QS                                 bssBANK1     00C2
_RB1                                (abs)        0031
_RB2                                (abs)        0032
_RB3                                (abs)        0033
_RB4                                (abs)        0034
_RB5                                (abs)        0035
_RCREG                              (abs)        001A
_RCSTAbits                          (abs)        0018
_RD7                                (abs)        0047
_SPBRG                              (abs)        0099
_Signal                             bssBANK0     0067
_T                                  dataCOMMON   007A
_TMR0                               (abs)        0001
_TMR0_ISR                           text26       167C
_TMR0_Initialize                    text8        162E
_TMR0_StartTimer                    text7        160E
_TRISA0                             (abs)        0428
_TRISB1                             (abs)        0431
_TRISB2                             (abs)        0432
_TRISB3                             (abs)        0433
_TRISB4                             (abs)        0434
_TRISB5                             (abs)        0435
_TRISC6                             (abs)        043E
_TRISC7                             (abs)        043F
_TRISD7                             (abs)        0447
_TXREG                              (abs)        0019
_TXSTAbits                          (abs)        0098
__H__absolute__                     __absolute__ 0000
__Habs1                             abs1         0000
__Hbank0                            bank0        0000
__Hbank1                            bank1        0000
__Hbank2                            bank2        0000
__Hbank3                            bank3        0000
__HbssBANK0                         bssBANK0     0000
__HbssBANK1                         bssBANK1     0000
__Hcinit                            cinit        004A
__Hclrtext                          clrtext      0000
__Hcode                             code         0000
__Hcommon                           common       0000
__Hconfig                           config       2008
__HcstackBANK0                      cstackBANK0  0000
__HcstackCOMMON                     cstackCOMMON 0000
__HdataBANK0                        dataBANK0    0000
__HdataBANK1                        dataBANK1    0000
__HdataCOMMON                       dataCOMMON   0000
__Heeprom_data                      eeprom_data  0000
__Hend_init                         end_init     000F
__Hfunctab                          functab      0000
__Hheap                             heap         0000
__HidataBANK0                       idataBANK0   0000
__HidataBANK1                       idataBANK1   0000
__HidataCOMMON                      idataCOMMON  0000
__Hinit                             init         000C
__Hinittext                         inittext     0000
__Hintentry                         intentry     000C
__Hmaintext                         maintext     0000
__Hpowerup                          powerup      0000
__Hram                              ram          0000
__Hreset_vec                        reset_vec    0003
__Hsfr0                             sfr0         0000
__Hsfr1                             sfr1         0000
__Hsfr2                             sfr2         0000
__Hsfr3                             sfr3         0000
__Hspace_0                          (abs)        1800
__Hspace_1                          (abs)        00C9
__Hspace_2                          (abs)        0000
__Hspace_3                          (abs)        0000
__Hspace_4                          (abs)        400F
__Hstack                            stack        0000
__Hstrings                          strings      0000
__Htext                             text         0000
__L__absolute__                     __absolute__ 0000
__Labs1                             abs1         0000
__Lbank0                            bank0        0000
__Lbank1                            bank1        0000
__Lbank2                            bank2        0000
__Lbank3                            bank3        0000
__LbssBANK0                         bssBANK0     0000
__LbssBANK1                         bssBANK1     0000
__Lcinit                            cinit        000F
__Lclrtext                          clrtext      0000
__Lcode                             code         0000
__Lcommon                           common       0000
__Lconfig                           config       0000
__LcstackBANK0                      cstackBANK0  0000
__LcstackCOMMON                     cstackCOMMON 0000
__LdataBANK0                        dataBANK0    0000
__LdataBANK1                        dataBANK1    0000
__LdataCOMMON                       dataCOMMON   0000
__Leeprom_data                      eeprom_data  0000
__Lend_init                         end_init     000C
__Lfunctab                          functab      0000
__Lheap                             heap         0000
__LidataBANK0                       idataBANK0   0000
__LidataBANK1                       idataBANK1   0000
__LidataCOMMON                      idataCOMMON  0000
__Linit                             init         000C
__Linittext                         inittext     0000
__Lintentry                         intentry     0004
__Lmaintext                         maintext     0000
__Lpowerup                          powerup      0000
__Lram                              ram          0000
__Lreset_vec                        reset_vec    0000
__Lsfr0                             sfr0         0000
__Lsfr1                             sfr1         0000
__Lsfr2                             sfr2         0000
__Lsfr3                             sfr3         0000
__Lspace_0                          (abs)        0000
__Lspace_1                          (abs)        0000
__Lspace_2                          (abs)        0000
__Lspace_3                          (abs)        0000
__Lspace_4                          (abs)        0000
__Lstack                            stack        0000
__Lstrings                          strings      0000
__Ltext                             text         0000
__S0                                (abs)        1800
__S1                                (abs)        00C9
__S3                                (abs)        0000
__Umul8_16                          text22       172C
__Umul8_16@multiplicand             cstackCOMMON 0072
__Umul8_16@multiplier               cstackBANK0  0024
__Umul8_16@product                  cstackBANK0  0020
__Umul8_16@word_mpld                cstackBANK0  0022
___aldiv                            text17       075D
___aldiv@counter                    cstackBANK0  0021
___aldiv@dividend                   cstackCOMMON 0076
___aldiv@divisor                    cstackCOMMON 0072
___aldiv@quotient                   cstackBANK0  0023
___aldiv@sign                       cstackBANK0  0022
___awdiv                            text16       0865
___awdiv@counter                    cstackCOMMON 0076
___awdiv@dividend                   cstackCOMMON 0074
___awdiv@divisor                    cstackCOMMON 0072
___awdiv@quotient                   cstackCOMMON 0078
___awdiv@sign                       cstackCOMMON 0077
___awmod                            text24       080A
___awmod@counter                    cstackBANK0  0024
___awmod@dividend                   cstackBANK0  0022
___awmod@divisor                    cstackBANK0  0020
___awmod@sign                       cstackBANK0  0025
___fldiv                            text23       0BC8
___fldiv@a                          cstackCOMMON 0072
___fldiv@aexp                       cstackBANK0  0031
___fldiv@b                          cstackCOMMON 0076
___fldiv@bexp                       cstackBANK0  0030
___fldiv@grs                        cstackBANK0  002C
___fldiv@new_exp                    cstackBANK0  002A
___fldiv@rem                        cstackBANK0  0025
___fldiv@sign                       cstackBANK0  0029
___flmul                            text21       0418
___flmul@a                          cstackBANK0  002A
___flmul@aexp                       cstackBANK0  0034
___flmul@b                          cstackBANK0  0026
___flmul@bexp                       cstackBANK0  0039
___flmul@grs                        cstackBANK0  0035
___flmul@prod                       cstackBANK0  003A
___flmul@sign                       cstackBANK0  0033
___flmul@temp                       cstackBANK0  003E
___fltol                            text20       08CC
___fltol@exp1                       cstackBANK0  0049
___fltol@f1                         cstackBANK0  0040
___fltol@sign1                      cstackBANK0  0048
___heap_hi                          (abs)        0000
___heap_lo                          (abs)        0000
___int_sp                           stack        0000
___int_stack_hi                     stack        0000
___int_stack_lo                     stack        0000
___latbits                          (abs)        0002
___lwdiv                            text15       17BC
___lwdiv@counter                    cstackCOMMON 0078
___lwdiv@dividend                   cstackCOMMON 0074
___lwdiv@divisor                    cstackCOMMON 0072
___lwdiv@quotient                   cstackCOMMON 0076
___lwmod                            text12       1780
___lwmod@counter                    cstackCOMMON 0079
___lwmod@dividend                   cstackBANK0  0022
___lwmod@divisor                    cstackBANK0  0020
___sp                               stack        0000
___stack_hi                         stack        0000
___stack_lo                         stack        0000
___stackhi                          (abs)        0000
___stacklo                          (abs)        0000
___wmul                             text14       1705
___wmul@multiplicand                cstackBANK0  0022
___wmul@multiplier                  cstackBANK0  0020
___wmul@product                     cstackBANK0  0024
___xxtofl                           text19       0B0E
___xxtofl@arg                       cstackBANK0  0022
___xxtofl@exp                       cstackBANK0  0021
___xxtofl@sign                      cstackBANK0  0020
___xxtofl@val                       cstackCOMMON 0072
__end_of_INTERRUPT_InterruptManager text25       1668
__end_of_TMR0_ISR                   text26       169B
__end_of_TMR0_Initialize            text8        1641
__end_of_TMR0_StartTimer            text7        1610
__end_of__Umul8_16                  text22       1755
__end_of___aldiv                    text17       07FA
__end_of___awdiv                    text16       08CC
__end_of___awmod                    text24       0865
__end_of___fldiv                    text23       0D9D
__end_of___flmul                    text21       075D
__end_of___fltol                    text20       0944
__end_of___lwdiv                    text15       1800
__end_of___lwmod                    text12       17BC
__end_of___wmul                     text14       172C
__end_of___xxtofl                   text19       0BC8
__end_of__initialization            cinit        0046
__end_of__stringtab                 strings      1006
__end_of_adc_init                   text6        162E
__end_of_adc_read                   text18       1780
__end_of_calculate_heart_beat       text13       1000
__end_of_lcd_cmd                    text5        0B0E
__end_of_lcd_data                   text11       0A68
__end_of_lcd_init                   text4        16DF
__end_of_lcd_number                 text10       09C2
__end_of_lcd_string                 text9        16BA
__end_of_main                       maintext     0418
__end_of_sys_init                   text2        1705
__end_of_timer_isr                  text27       161D
__end_of_tmr0_mask                  strings      1007
__end_of_uart_init                  text3        167C
__end_of_uart_write                 text1        080A
__initialization                    cinit        000F
__pbssBANK0                         bssBANK0     0063
__pbssBANK1                         bssBANK1     00A0
__pcstackBANK0                      cstackBANK0  0020
__pcstackCOMMON                     cstackCOMMON 0070
__pdataBANK0                        dataBANK0    006C
__pdataBANK1                        dataBANK1    00C4
__pdataCOMMON                       dataCOMMON   007A
__pidataBANK0                       idataBANK0   1612
__pidataBANK1                       idataBANK1   07FA
__pidataCOMMON                      idataCOMMON  1610
__pintentry                         intentry     0004
__pmaintext                         maintext     004A
__pstrings                          strings      1000
__ptext1                            text1        0800
__ptext10                           text10       0944
__ptext11                           text11       09C2
__ptext12                           text12       1780
__ptext13                           text13       0D9D
__ptext14                           text14       1705
__ptext15                           text15       17BC
__ptext16                           text16       0865
__ptext17                           text17       075D
__ptext18                           text18       1755
__ptext19                           text19       0B0E
__ptext2                            text2        16DF
__ptext20                           text20       08CC
__ptext21                           text21       0418
__ptext22                           text22       172C
__ptext23                           text23       0BC8
__ptext24                           text24       080A
__ptext25                           text25       1654
__ptext26                           text26       167C
__ptext27                           text27       1616
__ptext3                            text3        1668
__ptext4                            text4        16BA
__ptext5                            text5        0A68
__ptext6                            text6        1625
__ptext7                            text7        160E
__ptext8                            text8        162E
__ptext9                            text9        169B
__stringbase                        strings      1005
__stringtab                         strings      1000
_adc_init                           text6        1625
_adc_read                           text18       1755
_adc_value                          bssBANK1     00BE
_adc_value1                         bssBANK1     00BC
_amp                                bssBANK1     00C0
_calculate_heart_beat               text13       0D9D
_firstBeat                          dataBANK1    00C8
_lastBeatTime                       bssBANK1     00B4
_lcd_cmd                            text5        0A68
_lcd_data                           text11       09C2
_lcd_init                           text4        16BA
_lcd_number                         text10       0944
_lcd_string                         text9        169B
_main                               maintext     004A
_main_state                         dataBANK1    00C4
_rate                               bssBANK1     00A0
_sampleCounter                      bssBANK0     0063
_secondBeat                         bssBANK1     00C3
_sys_init                           text2        16DF
_thresh                             dataBANK0    006E
_timer_isr                          text27       1616
_uart_init                          text3        1668
_uart_write                         text1        0800
adc_read@channel                    cstackCOMMON 0076
btemp                               (abs)        007E
calculate_heart_beat@N              cstackBANK0  0031
calculate_heart_beat@adc_value      cstackBANK0  0027
calculate_heart_beat@i              cstackBANK0  002F
calculate_heart_beat@i_144          cstackBANK0  0033
calculate_heart_beat@runningTotal   cstackBANK0  002D
clear_ram0                          clrtext      161D
end_of_initialization               cinit        0046
init_fetch0                         inittext     1641
init_ram0                           inittext     1645
interrupt_function                  intentry     0004
intlevel0                           functab      0000
intlevel1                           functab      0000
intlevel2                           functab      0000
intlevel3                           functab      0000
intlevel4                           functab      0000
intlevel5                           functab      0000
lcd_cmd@cmd                         cstackCOMMON 0074
lcd_data@data                       cstackCOMMON 0074
lcd_number@digit                    cstackBANK0  0028
lcd_number@divisor                  cstackBANK0  002B
lcd_number@number                   cstackBANK0  0026
lcd_number@temp                     cstackBANK0  0029
lcd_string@str                      cstackCOMMON 0075
main@BPM1                           cstackBANK0  0061
main@c1                             cstackBANK0  005B
main@c2                             cstackBANK0  005D
main@c3                             cstackBANK0  0055
main@c4                             cstackBANK0  0057
main@temp                           cstackBANK0  0051
main@temp1                          cstackBANK0  005F
main@temp_uart                      cstackBANK0  0059
main@volt                           cstackBANK0  004D
reset_vec                           reset_vec    0000
saved_w                             (abs)        007E
start                               init         000C
start_initialization                cinit        000F
uart_write@data                     cstackCOMMON 0072
wtemp0                              (abs)        007E


MODULE INFORMATION

Module		Function		Class		Link	Load	Size
C:\Program Files\Microchip\xc8\v2.45\pic\sources\c99\common\aldiv.c
		___aldiv       		CODE           	075D	0000	157

C:\Program Files\Microchip\xc8\v2.45\pic\sources\c99\common\aldiv.c estimated size: 157

C:\Program Files\Microchip\xc8\v2.45\pic\sources\c99\common\Umul16.c
		___wmul        		CODE           	1705	0000	39

C:\Program Files\Microchip\xc8\v2.45\pic\sources\c99\common\Umul16.c estimated size: 39

uart.c
		_uart_write    		CODE           	0800	0000	10
		_uart_init     		CODE           	1668	0000	20

uart.c estimated size: 30

newmain.c
		_sys_init      		CODE           	16DF	0000	38
		_main          		CODE           	004A	0000	974
		_timer_isr     		CODE           	1616	0000	7
		_INTERRUPT_InterruptManager		CODE           	1654	0000	20
		_calculate_heart_beat		CODE           	0D9D	0000	611

newmain.c estimated size: 1650

C:\Program Files\Microchip\xc8\v2.45\pic\sources\c99\common\sprcmul.c
		___flmul       		CODE           	0418	0000	837

C:\Program Files\Microchip\xc8\v2.45\pic\sources\c99\common\sprcmul.c estimated size: 837

adc.c
		_adc_read      		CODE           	1755	0000	43
		_adc_init      		CODE           	1625	0000	9

adc.c estimated size: 52

C:\Program Files\Microchip\xc8\v2.45\pic\sources\c99\common\sprcdiv.c
		___fldiv       		CODE           	0BC8	0000	469

C:\Program Files\Microchip\xc8\v2.45\pic\sources\c99\common\sprcdiv.c estimated size: 469

C:\Program Files\Microchip\xc8\v2.45\pic\sources\c99\common\lwmod.c
		___lwmod       		CODE           	1780	0000	60

C:\Program Files\Microchip\xc8\v2.45\pic\sources\c99\common\lwmod.c estimated size: 60

C:\Program Files\Microchip\xc8\v2.45\pic\sources\c99\common\awmod.c
		___awmod       		CODE           	080A	0000	91

C:\Program Files\Microchip\xc8\v2.45\pic\sources\c99\common\awmod.c estimated size: 91

tmr0.c
		_TMR0_StartTimer		CODE           	160E	0000	2
		_TMR0_ISR      		CODE           	167C	0000	31
		_TMR0_Initialize		CODE           	162E	0000	19

tmr0.c estimated size: 52

shared
		__stringtab    		STRING         	1000	0000	6
		_tmr0_mask     		STRING         	0000	0000	0
		__initialization		CODE           	000F	0000	55

shared estimated size: 61

C:\Program Files\Microchip\xc8\v2.45\pic\sources\c99\common\xxtofl.c
		___xxtofl      		CODE           	0B0E	0000	186

C:\Program Files\Microchip\xc8\v2.45\pic\sources\c99\common\xxtofl.c estimated size: 186

lcd.c
		_lcd_cmd       		CODE           	0A68	0000	166
		_lcd_data      		CODE           	09C2	0000	166
		_lcd_string    		CODE           	169B	0000	31
		_lcd_init      		CODE           	16BA	0000	37
		_lcd_number    		CODE           	0944	0000	126

lcd.c estimated size: 526

C:\Program Files\Microchip\xc8\v2.45\pic\sources\c99\common\Umul8_16.c
		__Umul8_16     		CODE           	172C	0000	41

C:\Program Files\Microchip\xc8\v2.45\pic\sources\c99\common\Umul8_16.c estimated size: 41

C:\Program Files\Microchip\xc8\v2.45\pic\sources\c99\common\lwdiv.c
		___lwdiv       		CODE           	17BC	0000	68

C:\Program Files\Microchip\xc8\v2.45\pic\sources\c99\common\lwdiv.c estimated size: 68

C:\Program Files\Microchip\xc8\v2.45\pic\sources\c99\common\awdiv.c
		___awdiv       		CODE           	0865	0000	103

C:\Program Files\Microchip\xc8\v2.45\pic\sources\c99\common\awdiv.c estimated size: 103

C:\Program Files\Microchip\xc8\v2.45\pic\sources\c99\common\fltol.c
		___fltol       		CODE           	08CC	0000	120

C:\Program Files\Microchip\xc8\v2.45\pic\sources\c99\common\fltol.c estimated size: 120

